// Jest Snapshot v1, https://goo.gl/fbAQLP

exports[`rendering header 1`] = `
<header>
  <h1>
    Expensify test
  </h1>
  <br />
  <NavLink
    activeClassName="is-active"
    exact={true}
    to="/home"
  >
    Home
  </NavLink>
  <br />
   
  <NavLink
    activeClassName="is-active"
    to="/create"
  >
    Add expense
  </NavLink>
  <br />
</header>
`;
